
> temp-app2@0.1.0 build
> next build

  Γû▓ Next.js 14.2.3

node.exe : 
At line:1 char:1
+ & "C:\Program 
Files\nodejs/node.exe" 
"C:\Program 
Files\nodejs/node_mo ...
+ ~~~~~~~~~~~~~~~~~~~~~~~
~~~~~~~~~~~~~~~~~~~~~~~~~
~~~~~~~~~~~~~~~~~~~~~
    + CategoryInfo       
       : NotSpecified:   
  (:String) [], Remote   
 Exception
    + FullyQualifiedErro 
   rId : NativeCommandE  
  rror
 
> Build error occurred
Error: EINVAL: invalid 
argument, readlink 'C:\Us
ers\modup\OneDrive\Deskto
p\tpc 30_03_2026\.next\st
atic\css\app\dashboard\la
yout.css'
    at async 
Object.readlink (node:int
ernal/fs/promises:971:10)
    at async C:\Users\mod
up\OneDrive\Desktop\tpc 3
0_03_2026\node_modules\ne
xt\dist\lib\recursive-del
ete.js:58:30
    at async Promise.all 
(index 0)
    at async 
recursiveDelete (C:\Users
\modup\OneDrive\Desktop\t
pc 30_03_2026\node_module
s\next\dist\lib\recursive
-delete.js:51:5)
    at async C:\Users\mod
up\OneDrive\Desktop\tpc 3
0_03_2026\node_modules\ne
xt\dist\lib\recursive-del
ete.js:68:17
    at async Promise.all 
(index 0)
    at async 
recursiveDelete (C:\Users
\modup\OneDrive\Desktop\t
pc 30_03_2026\node_module
s\next\dist\lib\recursive
-delete.js:51:5)
    at async C:\Users\mod
up\OneDrive\Desktop\tpc 3
0_03_2026\node_modules\ne
xt\dist\lib\recursive-del
ete.js:68:17
    at async Promise.all 
(index 0)
    at async 
recursiveDelete (C:\Users
\modup\OneDrive\Desktop\t
pc 30_03_2026\node_module
s\next\dist\lib\recursive
-delete.js:51:5) {
  errno: -4071,
  code: 'EINVAL',
  syscall: 'readlink',
  path: 'C:\\Users\\modup
\\OneDrive\\Desktop\\tpc 
30_03_2026\\.next\\static
\\css\\app\\dashboard\\la
yout.css'
}
